Archive member included because of file (symbol)

d:/winavr-20090313/bin/../lib/gcc/avr/4.3.2/avr4\libgcc.a(_udivmodqi4.o)
                              bcd.o (__udivmodqi4)
d:/winavr-20090313/bin/../lib/gcc/avr/4.3.2/avr4\libgcc.a(_udivmodhi4.o)
                              bcd.o (__udivmodhi4)
d:/winavr-20090313/bin/../lib/gcc/avr/4.3.2/avr4\libgcc.a(_exit.o)
                              d:/winavr-20090313/bin/../lib/gcc/avr/4.3.2/../../../../avr/lib/avr4/crtm8535.o (exit)
d:/winavr-20090313/bin/../lib/gcc/avr/4.3.2/avr4\libgcc.a(_copy_data.o)
                              interface.o (__do_copy_data)
d:/winavr-20090313/bin/../lib/gcc/avr/4.3.2/avr4\libgcc.a(_clear_bss.o)
                              buttons.o (__do_clear_bss)

Memory Configuration

Name             Origin             Length             Attributes
text             0x00000000         0x00002000         xr
data             0x00800060         0x0000ffa0         rw !x
eeprom           0x00810000         0x00010000         rw !x
fuse             0x00820000         0x00000400         rw !x
lock             0x00830000         0x00000400         rw !x
signature        0x00840000         0x00000400         rw !x
*default*        0x00000000         0xffffffff

Linker script and memory map

LOAD d:/winavr-20090313/bin/../lib/gcc/avr/4.3.2/../../../../avr/lib/avr4/crtm8535.o
LOAD main.o
LOAD bcd.o
LOAD buttons.o
LOAD event-system.o
LOAD interface.o
LOAD lcd_lib.o
LOAD timer.o
LOAD d:/winavr-20090313/bin/../lib/gcc/avr/4.3.2/../../../../avr/lib/avr4\libm.a
LOAD d:/winavr-20090313/bin/../lib/gcc/avr/4.3.2/avr4\libgcc.a
LOAD d:/winavr-20090313/bin/../lib/gcc/avr/4.3.2/../../../../avr/lib/avr4\libc.a
LOAD d:/winavr-20090313/bin/../lib/gcc/avr/4.3.2/avr4\libgcc.a

.hash
 *(.hash)

.dynsym
 *(.dynsym)

.dynstr
 *(.dynstr)

.gnu.version
 *(.gnu.version)

.gnu.version_d
 *(.gnu.version_d)

.gnu.version_r
 *(.gnu.version_r)

.rel.init
 *(.rel.init)

.rela.init
 *(.rela.init)

.rel.text
 *(.rel.text)
 *(.rel.text.*)
 *(.rel.gnu.linkonce.t*)

.rela.text
 *(.rela.text)
 *(.rela.text.*)
 *(.rela.gnu.linkonce.t*)

.rel.fini
 *(.rel.fini)

.rela.fini
 *(.rela.fini)

.rel.rodata
 *(.rel.rodata)
 *(.rel.rodata.*)
 *(.rel.gnu.linkonce.r*)

.rela.rodata
 *(.rela.rodata)
 *(.rela.rodata.*)
 *(.rela.gnu.linkonce.r*)

.rel.data
 *(.rel.data)
 *(.rel.data.*)
 *(.rel.gnu.linkonce.d*)

.rela.data
 *(.rela.data)
 *(.rela.data.*)
 *(.rela.gnu.linkonce.d*)

.rel.ctors
 *(.rel.ctors)

.rela.ctors
 *(.rela.ctors)

.rel.dtors
 *(.rel.dtors)

.rela.dtors
 *(.rela.dtors)

.rel.got
 *(.rel.got)

.rela.got
 *(.rela.got)

.rel.bss
 *(.rel.bss)

.rela.bss
 *(.rela.bss)

.rel.plt
 *(.rel.plt)

.rela.plt
 *(.rela.plt)

.text           0x00000000      0x82a
 *(.vectors)
 .vectors       0x00000000       0x2a d:/winavr-20090313/bin/../lib/gcc/avr/4.3.2/../../../../avr/lib/avr4/crtm8535.o
                0x00000000                __vectors
                0x00000000                __vector_default
 *(.vectors)
 *(.progmem.gcc*)
 *(.progmem*)
 .progmem.data  0x0000002a       0x2d event-system.o
                0x0000002a                table
                0x00000058                . = ALIGN (0x2)
 *fill*         0x00000057        0x1 00
                0x00000058                __trampolines_start = .
 *(.trampolines)
 .trampolines   0x00000058        0x0 linker stubs
 *(.trampolines*)
                0x00000058                __trampolines_end = .
 *(.jumptables)
 *(.jumptables*)
 *(.lowtext)
 *(.lowtext*)
                0x00000058                __ctors_start = .
 *(.ctors)
                0x00000058                __ctors_end = .
                0x00000058                __dtors_start = .
 *(.dtors)
                0x00000058                __dtors_end = .
 SORT(*)(.ctors)
 SORT(*)(.dtors)
 *(.init0)
 .init0         0x00000058        0x0 d:/winavr-20090313/bin/../lib/gcc/avr/4.3.2/../../../../avr/lib/avr4/crtm8535.o
                0x00000058                __init
 *(.init0)
 *(.init1)
 *(.init1)
 *(.init2)
 .init2         0x00000058        0xc d:/winavr-20090313/bin/../lib/gcc/avr/4.3.2/../../../../avr/lib/avr4/crtm8535.o
 *(.init2)
 *(.init3)
 *(.init3)
 *(.init4)
 .init4         0x00000064       0x16 d:/winavr-20090313/bin/../lib/gcc/avr/4.3.2/avr4\libgcc.a(_copy_data.o)
                0x00000064                __do_copy_data
 .init4         0x0000007a       0x10 d:/winavr-20090313/bin/../lib/gcc/avr/4.3.2/avr4\libgcc.a(_clear_bss.o)
                0x0000007a                __do_clear_bss
 *(.init4)
 *(.init5)
 *(.init5)
 *(.init6)
 *(.init6)
 *(.init7)
 *(.init7)
 *(.init8)
 *(.init8)
 *(.init9)
 .init9         0x0000008a        0x4 d:/winavr-20090313/bin/../lib/gcc/avr/4.3.2/../../../../avr/lib/avr4/crtm8535.o
 *(.init9)
 *(.text)
 .text          0x0000008e        0x2 d:/winavr-20090313/bin/../lib/gcc/avr/4.3.2/../../../../avr/lib/avr4/crtm8535.o
                0x0000008e                __vector_1
                0x0000008e                __vector_12
                0x0000008e                __bad_interrupt
                0x0000008e                __vector_3
                0x0000008e                __vector_11
                0x0000008e                __vector_13
                0x0000008e                __vector_17
                0x0000008e                __vector_7
                0x0000008e                __vector_5
                0x0000008e                __vector_4
                0x0000008e                __vector_9
                0x0000008e                __vector_2
                0x0000008e                __vector_15
                0x0000008e                __vector_8
                0x0000008e                __vector_14
                0x0000008e                __vector_10
                0x0000008e                __vector_16
                0x0000008e                __vector_18
                0x0000008e                __vector_20
 .text          0x00000090       0x16 main.o
                0x00000090                main
 .text          0x000000a6      0x1a2 bcd.o
                0x0000014e                BCD_3IntLcd
                0x000001ca                BCD_3Lcd
                0x000000a6                BCD_4IntLcd
                0x00000214                BCD_2Lcd
                0x00000242                BCD_1Lcd
 .text          0x00000248       0x4a buttons.o
                0x00000256                BUT_Debrief
                0x00000248                BUT_Init
 .text          0x00000292      0x122 event-system.o
                0x0000032c                ES_Dispatch
                0x000002d4                ES_PlaceEvent
                0x00000318                ES_Init
                0x00000292                ES_GetEvent
 .text          0x000003b4      0x18a interface.o
                0x000003b4                GUI_SetTime
                0x00000416                GUI_DecHour
                0x000003ec                GUI_IncMinute
                0x000004ec                GUI_SelectHour
                0x00000442                GUI_IncHour
                0x000003c0                GUI_DecMinute
                0x000004ce                GUI_SelectMinute
                0x0000046c                GUI_ChangeTime
                0x00000500                GUI_General
 .text          0x0000053e      0x1f4 lcd_lib.o
                0x00000656                LCD_Clear
                0x000006b0                LCD_SendStringFlash
                0x00000592                LCD_Init
                0x000006fc                LCD_WriteData
                0x0000053e                LCD_WriteComInit
                0x0000055c                LCD_WriteCom
                0x00000664                LCD_SendString
 .text          0x00000732       0xb4 timer.o
                0x00000758                __vector_6
                0x000007a0                __vector_19
                0x00000732                TIM_Init
 .text          0x000007e6        0x0 d:/winavr-20090313/bin/../lib/gcc/avr/4.3.2/avr4\libgcc.a(_udivmodqi4.o)
 .text          0x000007e6        0x0 d:/winavr-20090313/bin/../lib/gcc/avr/4.3.2/avr4\libgcc.a(_udivmodhi4.o)
 .text          0x000007e6        0x0 d:/winavr-20090313/bin/../lib/gcc/avr/4.3.2/avr4\libgcc.a(_exit.o)
 .text          0x000007e6        0x0 d:/winavr-20090313/bin/../lib/gcc/avr/4.3.2/avr4\libgcc.a(_copy_data.o)
 .text          0x000007e6        0x0 d:/winavr-20090313/bin/../lib/gcc/avr/4.3.2/avr4\libgcc.a(_clear_bss.o)
                0x000007e6                . = ALIGN (0x2)
 *(.text.*)
 .text.libgcc   0x000007e6       0x18 d:/winavr-20090313/bin/../lib/gcc/avr/4.3.2/avr4\libgcc.a(_udivmodqi4.o)
                0x000007e6                __udivmodqi4
 .text.libgcc   0x000007fe       0x28 d:/winavr-20090313/bin/../lib/gcc/avr/4.3.2/avr4\libgcc.a(_udivmodhi4.o)
                0x000007fe                __udivmodhi4
 .text.libgcc   0x00000826        0x0 d:/winavr-20090313/bin/../lib/gcc/avr/4.3.2/avr4\libgcc.a(_exit.o)
 .text.libgcc   0x00000826        0x0 d:/winavr-20090313/bin/../lib/gcc/avr/4.3.2/avr4\libgcc.a(_copy_data.o)
 .text.libgcc   0x00000826        0x0 d:/winavr-20090313/bin/../lib/gcc/avr/4.3.2/avr4\libgcc.a(_clear_bss.o)
                0x00000826                . = ALIGN (0x2)
 *(.fini9)
 .fini9         0x00000826        0x0 d:/winavr-20090313/bin/../lib/gcc/avr/4.3.2/avr4\libgcc.a(_exit.o)
                0x00000826                exit
                0x00000826                _exit
 *(.fini9)
 *(.fini8)
 *(.fini8)
 *(.fini7)
 *(.fini7)
 *(.fini6)
 *(.fini6)
 *(.fini5)
 *(.fini5)
 *(.fini4)
 *(.fini4)
 *(.fini3)
 *(.fini3)
 *(.fini2)
 *(.fini2)
 *(.fini1)
 *(.fini1)
 *(.fini0)
 .fini0         0x00000826        0x4 d:/winavr-20090313/bin/../lib/gcc/avr/4.3.2/avr4\libgcc.a(_exit.o)
 *(.fini0)
                0x0000082a                _etext = .

.data           0x00800060        0x6 load address 0x0000082a
                0x00800060                PROVIDE (__data_start, .)
 *(.data)
 .data          0x00800060        0x0 d:/winavr-20090313/bin/../lib/gcc/avr/4.3.2/../../../../avr/lib/avr4/crtm8535.o
 .data          0x00800060        0x0 main.o
 .data          0x00800060        0x0 bcd.o
 .data          0x00800060        0x0 buttons.o
 .data          0x00800060        0x0 event-system.o
 .data          0x00800060        0x6 interface.o
 .data          0x00800066        0x0 lcd_lib.o
 .data          0x00800066        0x0 timer.o
 .data          0x00800066        0x0 d:/winavr-20090313/bin/../lib/gcc/avr/4.3.2/avr4\libgcc.a(_udivmodqi4.o)
 .data          0x00800066        0x0 d:/winavr-20090313/bin/../lib/gcc/avr/4.3.2/avr4\libgcc.a(_udivmodhi4.o)
 .data          0x00800066        0x0 d:/winavr-20090313/bin/../lib/gcc/avr/4.3.2/avr4\libgcc.a(_exit.o)
 .data          0x00800066        0x0 d:/winavr-20090313/bin/../lib/gcc/avr/4.3.2/avr4\libgcc.a(_copy_data.o)
 .data          0x00800066        0x0 d:/winavr-20090313/bin/../lib/gcc/avr/4.3.2/avr4\libgcc.a(_clear_bss.o)
 *(.data*)
 *(.rodata)
 *(.rodata*)
 *(.gnu.linkonce.d*)
                0x00800066                . = ALIGN (0x2)
                0x00800066                _edata = .
                0x00800066                PROVIDE (__data_end, .)

.bss            0x00800066       0x18
                0x00800066                PROVIDE (__bss_start, .)
 *(.bss)
 .bss           0x00800066        0x0 d:/winavr-20090313/bin/../lib/gcc/avr/4.3.2/../../../../avr/lib/avr4/crtm8535.o
 .bss           0x00800066        0x0 main.o
 .bss           0x00800066        0x0 bcd.o
 .bss           0x00800066        0x1 buttons.o
                0x00800066                comp
 .bss           0x00800067       0x14 event-system.o
                0x00800067                currentState
 .bss           0x0080007b        0x3 interface.o
 .bss           0x0080007e        0x0 lcd_lib.o
 .bss           0x0080007e        0x0 timer.o
 .bss           0x0080007e        0x0 d:/winavr-20090313/bin/../lib/gcc/avr/4.3.2/avr4\libgcc.a(_udivmodqi4.o)
 .bss           0x0080007e        0x0 d:/winavr-20090313/bin/../lib/gcc/avr/4.3.2/avr4\libgcc.a(_udivmodhi4.o)
 .bss           0x0080007e        0x0 d:/winavr-20090313/bin/../lib/gcc/avr/4.3.2/avr4\libgcc.a(_exit.o)
 .bss           0x0080007e        0x0 d:/winavr-20090313/bin/../lib/gcc/avr/4.3.2/avr4\libgcc.a(_copy_data.o)
 .bss           0x0080007e        0x0 d:/winavr-20090313/bin/../lib/gcc/avr/4.3.2/avr4\libgcc.a(_clear_bss.o)
 *(.bss*)
 *(COMMON)
                0x0080007e                PROVIDE (__bss_end, .)
                0x0000082a                __data_load_start = LOADADDR (.data)
                0x00000830                __data_load_end = (__data_load_start + SIZEOF (.data))

.noinit         0x0080007e        0x0
                0x0080007e                PROVIDE (__noinit_start, .)
 *(.noinit*)
                0x0080007e                PROVIDE (__noinit_end, .)
                0x0080007e                _end = .
                0x0080007e                PROVIDE (__heap_start, .)

.eeprom         0x00810000        0x0
 *(.eeprom*)
                0x00810000                __eeprom_end = .

.fuse
 *(.fuse)
 *(.lfuse)
 *(.hfuse)
 *(.efuse)

.lock
 *(.lock*)

.signature
 *(.signature*)

.stab
 *(.stab)

.stabstr
 *(.stabstr)

.stab.excl
 *(.stab.excl)

.stab.exclstr
 *(.stab.exclstr)

.stab.index
 *(.stab.index)

.stab.indexstr
 *(.stab.indexstr)

.comment
 *(.comment)

.debug
 *(.debug)

.line
 *(.line)

.debug_srcinfo
 *(.debug_srcinfo)

.debug_sfnames
 *(.debug_sfnames)

.debug_aranges  0x00000000       0xe0
 *(.debug_aranges)
 .debug_aranges
                0x00000000       0x20 main.o
 .debug_aranges
                0x00000020       0x20 bcd.o
 .debug_aranges
                0x00000040       0x20 buttons.o
 .debug_aranges
                0x00000060       0x20 event-system.o
 .debug_aranges
                0x00000080       0x20 interface.o
 .debug_aranges
                0x000000a0       0x20 lcd_lib.o
 .debug_aranges
                0x000000c0       0x20 timer.o

.debug_pubnames
                0x00000000      0x296
 *(.debug_pubnames)
 .debug_pubnames
                0x00000000       0x1b main.o
 .debug_pubnames
                0x0000001b       0x59 bcd.o
 .debug_pubnames
                0x00000074       0x38 buttons.o
 .debug_pubnames
                0x000000ac       0x6b event-system.o
 .debug_pubnames
                0x00000117       0xb1 interface.o
 .debug_pubnames
                0x000001c8       0x90 lcd_lib.o
 .debug_pubnames
                0x00000258       0x3e timer.o

.debug_info     0x00000000     0x129e
 *(.debug_info)
 .debug_info    0x00000000       0x89 main.o
 .debug_info    0x00000089      0x18d bcd.o
 .debug_info    0x00000216       0xaf buttons.o
 .debug_info    0x000002c5      0x2d9 event-system.o
 .debug_info    0x0000059e      0x148 interface.o
 .debug_info    0x000006e6      0xb1b lcd_lib.o
 .debug_info    0x00001201       0x9d timer.o
 *(.gnu.linkonce.wi.*)

.debug_abbrev   0x00000000      0x51a
 *(.debug_abbrev)
 .debug_abbrev  0x00000000       0x59 main.o
 .debug_abbrev  0x00000059       0x8a bcd.o
 .debug_abbrev  0x000000e3       0x7f buttons.o
 .debug_abbrev  0x00000162      0x148 event-system.o
 .debug_abbrev  0x000002aa       0x57 interface.o
 .debug_abbrev  0x00000301      0x1d1 lcd_lib.o
 .debug_abbrev  0x000004d2       0x48 timer.o

.debug_line     0x00000000      0xf7c
 *(.debug_line)
 .debug_line    0x00000000       0x9b main.o
 .debug_line    0x0000009b      0x242 bcd.o
 .debug_line    0x000002dd       0xb8 buttons.o
 .debug_line    0x00000395      0x18c event-system.o
 .debug_line    0x00000521      0x340 interface.o
 .debug_line    0x00000861      0x647 lcd_lib.o
 .debug_line    0x00000ea8       0xd4 timer.o

.debug_frame    0x00000000      0x260
 *(.debug_frame)
 .debug_frame   0x00000000       0x20 main.o
 .debug_frame   0x00000020       0x60 bcd.o
 .debug_frame   0x00000080       0x30 buttons.o
 .debug_frame   0x000000b0       0x50 event-system.o
 .debug_frame   0x00000100       0xa0 interface.o
 .debug_frame   0x000001a0       0x80 lcd_lib.o
 .debug_frame   0x00000220       0x40 timer.o

.debug_str      0x00000000      0x36f
 *(.debug_str)
 .debug_str     0x00000000       0x77 main.o
                                 0xab (size before relaxing)
 .debug_str     0x00000077       0x4f bcd.o
                                 0xe8 (size before relaxing)
 .debug_str     0x000000c6       0x24 buttons.o
                                 0xbd (size before relaxing)
 .debug_str     0x000000ea       0xc7 event-system.o
                                0x166 (size before relaxing)
 .debug_str     0x000001b1       0x9d interface.o
                                0x136 (size before relaxing)
 .debug_str     0x0000024e       0xf9 lcd_lib.o
                                0x1ba (size before relaxing)
 .debug_str     0x00000347       0x28 timer.o
                                 0xc1 (size before relaxing)

.debug_loc      0x00000000      0x685
 *(.debug_loc)
 .debug_loc     0x00000000       0x13 main.o
 .debug_loc     0x00000013      0x26c bcd.o
 .debug_loc     0x0000027f       0x34 buttons.o
 .debug_loc     0x000002b3      0x196 event-system.o
 .debug_loc     0x00000449      0x23c lcd_lib.o

.debug_macinfo
 *(.debug_macinfo)
OUTPUT(main.elf elf32-avr)
LOAD linker stubs

.debug_ranges   0x00000000      0x1c8
 .debug_ranges  0x00000000       0x18 event-system.o
 .debug_ranges  0x00000018      0x1b0 lcd_lib.o

Cross Reference Table

Symbol                                            File
BCD_1Lcd                                          bcd.o
BCD_2Lcd                                          bcd.o
                                                  interface.o
BCD_3IntLcd                                       bcd.o
BCD_3Lcd                                          bcd.o
BCD_4IntLcd                                       bcd.o
BUT_Debrief                                       buttons.o
                                                  timer.o
BUT_Init                                          buttons.o
                                                  main.o
ES_Dispatch                                       event-system.o
                                                  main.o
ES_GetEvent                                       event-system.o
                                                  main.o
ES_Init                                           event-system.o
                                                  main.o
ES_PlaceEvent                                     event-system.o
                                                  timer.o
                                                  buttons.o
GUI_ChangeTime                                    interface.o
                                                  event-system.o
GUI_DecHour                                       interface.o
                                                  event-system.o
GUI_DecMinute                                     interface.o
                                                  event-system.o
GUI_General                                       interface.o
                                                  event-system.o
                                                  main.o
GUI_IncHour                                       interface.o
                                                  event-system.o
GUI_IncMinute                                     interface.o
                                                  event-system.o
GUI_SelectHour                                    interface.o
                                                  event-system.o
GUI_SelectMinute                                  interface.o
                                                  event-system.o
GUI_SetTime                                       interface.o
LCD_Clear                                         lcd_lib.o
                                                  interface.o
LCD_Init                                          lcd_lib.o
                                                  main.o
LCD_SendString                                    lcd_lib.o
                                                  interface.o
LCD_SendStringFlash                               lcd_lib.o
LCD_WriteCom                                      lcd_lib.o
                                                  interface.o
LCD_WriteComInit                                  lcd_lib.o
LCD_WriteData                                     lcd_lib.o
                                                  interface.o
                                                  bcd.o
TIM_Init                                          timer.o
                                                  main.o
__bad_interrupt                                   d:/winavr-20090313/bin/../lib/gcc/avr/4.3.2/../../../../avr/lib/avr4/crtm8535.o
__bss_end                                         d:/winavr-20090313/bin/../lib/gcc/avr/4.3.2/avr4\libgcc.a(_clear_bss.o)
__bss_start                                       d:/winavr-20090313/bin/../lib/gcc/avr/4.3.2/avr4\libgcc.a(_clear_bss.o)
__data_end                                        d:/winavr-20090313/bin/../lib/gcc/avr/4.3.2/avr4\libgcc.a(_copy_data.o)
__data_load_start                                 d:/winavr-20090313/bin/../lib/gcc/avr/4.3.2/avr4\libgcc.a(_copy_data.o)
__data_start                                      d:/winavr-20090313/bin/../lib/gcc/avr/4.3.2/avr4\libgcc.a(_copy_data.o)
__do_clear_bss                                    d:/winavr-20090313/bin/../lib/gcc/avr/4.3.2/avr4\libgcc.a(_clear_bss.o)
                                                  interface.o
                                                  event-system.o
                                                  buttons.o
__do_copy_data                                    d:/winavr-20090313/bin/../lib/gcc/avr/4.3.2/avr4\libgcc.a(_copy_data.o)
                                                  interface.o
__heap_end                                        d:/winavr-20090313/bin/../lib/gcc/avr/4.3.2/../../../../avr/lib/avr4/crtm8535.o
__init                                            d:/winavr-20090313/bin/../lib/gcc/avr/4.3.2/../../../../avr/lib/avr4/crtm8535.o
__stack                                           d:/winavr-20090313/bin/../lib/gcc/avr/4.3.2/../../../../avr/lib/avr4/crtm8535.o
__udivmodhi4                                      d:/winavr-20090313/bin/../lib/gcc/avr/4.3.2/avr4\libgcc.a(_udivmodhi4.o)
                                                  bcd.o
__udivmodqi4                                      d:/winavr-20090313/bin/../lib/gcc/avr/4.3.2/avr4\libgcc.a(_udivmodqi4.o)
                                                  bcd.o
__vector_1                                        d:/winavr-20090313/bin/../lib/gcc/avr/4.3.2/../../../../avr/lib/avr4/crtm8535.o
__vector_10                                       d:/winavr-20090313/bin/../lib/gcc/avr/4.3.2/../../../../avr/lib/avr4/crtm8535.o
__vector_11                                       d:/winavr-20090313/bin/../lib/gcc/avr/4.3.2/../../../../avr/lib/avr4/crtm8535.o
__vector_12                                       d:/winavr-20090313/bin/../lib/gcc/avr/4.3.2/../../../../avr/lib/avr4/crtm8535.o
__vector_13                                       d:/winavr-20090313/bin/../lib/gcc/avr/4.3.2/../../../../avr/lib/avr4/crtm8535.o
__vector_14                                       d:/winavr-20090313/bin/../lib/gcc/avr/4.3.2/../../../../avr/lib/avr4/crtm8535.o
__vector_15                                       d:/winavr-20090313/bin/../lib/gcc/avr/4.3.2/../../../../avr/lib/avr4/crtm8535.o
__vector_16                                       d:/winavr-20090313/bin/../lib/gcc/avr/4.3.2/../../../../avr/lib/avr4/crtm8535.o
__vector_17                                       d:/winavr-20090313/bin/../lib/gcc/avr/4.3.2/../../../../avr/lib/avr4/crtm8535.o
__vector_18                                       d:/winavr-20090313/bin/../lib/gcc/avr/4.3.2/../../../../avr/lib/avr4/crtm8535.o
__vector_19                                       timer.o
                                                  d:/winavr-20090313/bin/../lib/gcc/avr/4.3.2/../../../../avr/lib/avr4/crtm8535.o
__vector_2                                        d:/winavr-20090313/bin/../lib/gcc/avr/4.3.2/../../../../avr/lib/avr4/crtm8535.o
__vector_20                                       d:/winavr-20090313/bin/../lib/gcc/avr/4.3.2/../../../../avr/lib/avr4/crtm8535.o
__vector_3                                        d:/winavr-20090313/bin/../lib/gcc/avr/4.3.2/../../../../avr/lib/avr4/crtm8535.o
__vector_4                                        d:/winavr-20090313/bin/../lib/gcc/avr/4.3.2/../../../../avr/lib/avr4/crtm8535.o
__vector_5                                        d:/winavr-20090313/bin/../lib/gcc/avr/4.3.2/../../../../avr/lib/avr4/crtm8535.o
__vector_6                                        timer.o
                                                  d:/winavr-20090313/bin/../lib/gcc/avr/4.3.2/../../../../avr/lib/avr4/crtm8535.o
__vector_7                                        d:/winavr-20090313/bin/../lib/gcc/avr/4.3.2/../../../../avr/lib/avr4/crtm8535.o
__vector_8                                        d:/winavr-20090313/bin/../lib/gcc/avr/4.3.2/../../../../avr/lib/avr4/crtm8535.o
__vector_9                                        d:/winavr-20090313/bin/../lib/gcc/avr/4.3.2/../../../../avr/lib/avr4/crtm8535.o
__vector_default                                  d:/winavr-20090313/bin/../lib/gcc/avr/4.3.2/../../../../avr/lib/avr4/crtm8535.o
__vectors                                         d:/winavr-20090313/bin/../lib/gcc/avr/4.3.2/../../../../avr/lib/avr4/crtm8535.o
_exit                                             d:/winavr-20090313/bin/../lib/gcc/avr/4.3.2/avr4\libgcc.a(_exit.o)
comp                                              buttons.o
currentState                                      event-system.o
exit                                              d:/winavr-20090313/bin/../lib/gcc/avr/4.3.2/avr4\libgcc.a(_exit.o)
                                                  d:/winavr-20090313/bin/../lib/gcc/avr/4.3.2/../../../../avr/lib/avr4/crtm8535.o
main                                              main.o
                                                  d:/winavr-20090313/bin/../lib/gcc/avr/4.3.2/../../../../avr/lib/avr4/crtm8535.o
table                                             event-system.o
